#-----------------------------------------------------------
# Vivado v2020.1 (64-bit)
# SW Build 2902540 on Wed May 27 19:54:49 MDT 2020
# IP Build 2902112 on Wed May 27 22:43:36 MDT 2020
# Start of session at: Sun Dec 12 12:03:36 2021
# Process ID: 13816
# Current directory: C:/Users/timim/OneDrive - FH JOANNEUM/1STM/Digital_Electronics/Lab5_Dice/Proj_Lab5/dice_project
# Command line: vivado.exe -gui_launcher_event rodinguilauncherevent10364 C:\Users\timim\OneDrive - FH JOANNEUM\1STM\Digital_Electronics\Lab5_Dice\Proj_Lab5\dice_project\dice_project.xpr
# Log file: C:/Users/timim/OneDrive - FH JOANNEUM/1STM/Digital_Electronics/Lab5_Dice/Proj_Lab5/dice_project/vivado.log
# Journal file: C:/Users/timim/OneDrive - FH JOANNEUM/1STM/Digital_Electronics/Lab5_Dice/Proj_Lab5/dice_project\vivado.jou
#-----------------------------------------------------------
start_gui
open_project {C:/Users/timim/OneDrive - FH JOANNEUM/1STM/Digital_Electronics/Lab5_Dice/Proj_Lab5/dice_project/dice_project.xpr}
update_compile_order -fileset sources_1
launch_simulation
open_wave_config {C:/Users/timim/OneDrive - FH JOANNEUM/1STM/Digital_Electronics/Lab5_Dice/Proj_Lab5/dice_project/dice_tb_behav.wcfg}
source dice_tb.tcl
restart
run 50 ms
save_wave_config {C:/Users/timim/OneDrive - FH JOANNEUM/1STM/Digital_Electronics/Lab5_Dice/Proj_Lab5/dice_project/dice_tb_behav.wcfg}
close_sim
launch_simulation
open_wave_config {C:/Users/timim/OneDrive - FH JOANNEUM/1STM/Digital_Electronics/Lab5_Dice/Proj_Lab5/dice_project/dice_tb_behav.wcfg}
source dice_tb.tcl
restart
run 50 ms
close_sim
launch_simulation
open_wave_config {C:/Users/timim/OneDrive - FH JOANNEUM/1STM/Digital_Electronics/Lab5_Dice/Proj_Lab5/dice_project/dice_tb_behav.wcfg}
source dice_tb.tcl
restart
restart
run 50 ms
close_sim
